// Jest Snapshot v1, https://goo.gl/fbAQLP

exports[`renders homepage unchanged 1`] = `
<div>
  <article
    class="bg-primary-50 dark:bg-primary-950 py-16"
  >
    <h3
      class="text-center text-2xl font-bold text-gray-800 dark:text-gray-100"
    >
      Welcome to
    </h3>
    <h1
      class="text-primary-900 dark:text-primary-100 mt-1 mb-8 text-center text-4xl font-bold"
    >
      SIPR Admin Page
    </h1>
    <div
      class="flex flex-row justify-center"
    >
      <a
        class="hover:text-primary-500 text-primary-700 underline"
        href="/login"
      >
        <button
          class="border-2 py-2.5 px-6 transition duration-100 ease-in bg-primary-950 border-primary-950 dark:bg-primary-300 dark:hover:bg-primary-400 dark:text-primary-950 hover:bg-primary-850 hover:border-primary-850 dark:border-primary-300 dark:hover:border-primary-400 text-white rounded-md text-base font-medium"
          type="button"
        >
          Login as Admin
        </button>
      </a>
    </div>
  </article>
</div>
`;
